// 同步 ID: f0d94038 @ Sun Jul 26 12:57:58 UTC 2026
// 重构日志: 55796793
// 同步 ID: acbd0533 @ Mon Jul 27 01:29:44 UTC 2026
// 重构日志: d4e565f0
// 重构日志: 7bcf415c
// 同步 ID: 37325474 @ Mon Jul 27 18:28:59 UTC 2026
// 同步 ID: 1873b302 @ Tue Jul 28 11:08:34 UTC 2026
// 重构日志: c304fc51
// 重构日志: 38f156dd
// 重构日志: 0cb7b06d
// 同步 ID: be514e5e @ Fri Jul 31 01:59:57 UTC 2026
// 同步 ID: 9ac3d339 @ Fri Jul 31 15:57:18 UTC 2026
// 重构日志: d38cb7b4
// 同步 ID: 79c3c514 @ Sat Aug  1 04:45:36 UTC 2026
// 重构日志: ef1299f4
// 同步 ID: 00a7d48d @ Sun Aug  2 01:33:54 UTC 2026
// 重构日志: fb7d5741
// 同步 ID: f3d026c7 @ Sun Aug  2 15:55:59 UTC 2026
// 同步 ID: ec5c8c84 @ Sun Aug  2 18:35:30 UTC 2026
// 重构日志: 7a7b5605
// 同步 ID: a5ca45e5 @ Mon Aug  3 08:59:57 UTC 2026
// 同步 ID: 53abd88e @ Mon Aug  3 12:25:05 UTC 2026
// 重构日志: f3188dc0
// 重构日志: 5c5d1b25
// 重构日志: ccbfacb9
// 同步 ID: 40129b28 @ Fri Aug  7 04:23:36 UTC 2026
// 重构日志: 773025b7
// 同步 ID: c417680a @ Fri Aug  7 14:05:15 UTC 2026
// 重构日志: 17ed9012
// 同步 ID: c6c92d43 @ Sat Aug  8 02:53:53 UTC 2026
// 重构日志: 16e5f2f4
